// Jest Snapshot v1, https://goo.gl/fbAQLP

exports[`Table component Should display table components  1`] = `
Object {
  "container": Object {
    "asFragment": [Function],
    "baseElement": <body>
      <div>
        <div
          class="tab"
        >
          <table
            class="table"
          >
            <thead>
              <tr
                class="table"
              >
                <th>
                   ITEM DESCRIPTION 
                </th>
                <th>
                   UNIT PRICE
                </th>
                <th>
                   QUANTITY 
                </th>
                <th>
                   SUBTOTAL 
                </th>
              </tr>
            </thead>
            <tbody>
              <tr>
                <td>
                  fruits
                </td>
              </tr>
              <tr>
                <td>
                  apple
                </td>
                <td>
                  10
                </td>
                <td>
                  4
                </td>
                <td>
                  20
                </td>
              </tr>
            </tbody>
          </table>
        </div>
      </div>
    </body>,
    "container": <div>
      <div
        class="tab"
      >
        <table
          class="table"
        >
          <thead>
            <tr
              class="table"
            >
              <th>
                 ITEM DESCRIPTION 
              </th>
              <th>
                 UNIT PRICE
              </th>
              <th>
                 QUANTITY 
              </th>
              <th>
                 SUBTOTAL 
              </th>
            </tr>
          </thead>
          <tbody>
            <tr>
              <td>
                fruits
              </td>
            </tr>
            <tr>
              <td>
                apple
              </td>
              <td>
                10
              </td>
              <td>
                4
              </td>
              <td>
                20
              </td>
            </tr>
          </tbody>
        </table>
      </div>
    </div>,
    "debug": [Function],
    "findAllByAltText": [Function],
    "findAllByDisplayValue": [Function],
    "findAllByLabelText": [Function],
    "findAllByPlaceholderText": [Function],
    "findAllByRole": [Function],
    "findAllByTestId": [Function],
    "findAllByText": [Function],
    "findAllByTitle": [Function],
    "findByAltText": [Function],
    "findByDisplayValue": [Function],
    "findByLabelText": [Function],
    "findByPlaceholderText": [Function],
    "findByRole": [Function],
    "findByTestId": [Function],
    "findByText": [Function],
    "findByTitle": [Function],
    "getAllByAltText": [Function],
    "getAllByDisplayValue": [Function],
    "getAllByLabelText": [Function],
    "getAllByPlaceholderText": [Function],
    "getAllByRole": [Function],
    "getAllByTestId": [Function],
    "getAllByText": [Function],
    "getAllByTitle": [Function],
    "getByAltText": [Function],
    "getByDisplayValue": [Function],
    "getByLabelText": [Function],
    "getByPlaceholderText": [Function],
    "getByRole": [Function],
    "getByTestId": [Function],
    "getByText": [Function],
    "getByTitle": [Function],
    "queryAllByAltText": [Function],
    "queryAllByDisplayValue": [Function],
    "queryAllByLabelText": [Function],
    "queryAllByPlaceholderText": [Function],
    "queryAllByRole": [Function],
    "queryAllByTestId": [Function],
    "queryAllByText": [Function],
    "queryAllByTitle": [Function],
    "queryByAltText": [Function],
    "queryByDisplayValue": [Function],
    "queryByLabelText": [Function],
    "queryByPlaceholderText": [Function],
    "queryByRole": [Function],
    "queryByTestId": [Function],
    "queryByText": [Function],
    "queryByTitle": [Function],
    "rerender": [Function],
    "unmount": [Function],
  },
}
`;
