// Jest Snapshot v1, https://goo.gl/fbAQLP

exports[`App Should match the snapshot 1`] = `
<div>
  <div
    class="App"
  >
    <nav
      class="nav-bar-light"
    >
      <a
        href="/"
      >
         
        <div
          class="logo"
        >
          <img
            alt="logo"
            data-testid="img-tag"
            src="./assets/download (1).jpeg"
          />
        </div>
      </a>
      <div
        class="nav-right"
      >
        <a
          href="/allorders"
        >
           
          <h5
            class="all-product-route-white"
          >
             ALL PRODUCTS 
          </h5>
           
        </a>
        <div>
          <div
            class="cart-count"
          >
            <a
              href="/cart"
            >
               
              <h5
                class="cart-count-route-white"
              >
                 CART COUNT:
              </h5>
               
            </a>
            <h5
              class="cart-count-route-white"
            >
               
              0
               
            </h5>
          </div>
           
        </div>
      </div>
    </nav>
    <button
      type="button"
    >
       Theme change 
    </button>
    <div
      class="all-products"
    >
      <div>
        <div
          class="row"
        >
          <h1>
            Fruits & Vegatables
          </h1>
          <div
            class="all-products"
          >
            <div
              class="product-container"
            >
              <img
                alt="fruit"
                class="img-product"
                src="assets/banana.png"
              />
              <div
                class="product-name"
                data-testid="card-img"
              >
                apple
              </div>
              <div
                class="product-quantity"
              >
                0
                 
                Kg
              </div>
              <div
                class="product-price"
              >
                MRP
                 
                120
              </div>
              <div
                class="counter"
              >
                <button
                  class="button-decrement"
                  type="button"
                >
                  -
                </button>
                <div
                  class="in-basket"
                >
                  0
                   
                  in Basket
                </div>
                <button
                  class="button-increment"
                  type="button"
                >
                  +
                </button>
              </div>
            </div>
          </div>
        </div>
      </div>
    </div>
  </div>
</div>
`;
